// Jest Snapshot v1, https://goo.gl/fbAQLP

exports[`domains initDomainTracking should set up page request listener for relevant target types 1`] = `
{
  "infra": [],
  "max": {
    "allowed": [
      "baz.com",
      "bar.com",
      "foo.com",
    ],
    "blocked": [],
    "pages": [
      "baz.com",
      "bar.com",
      "foo.com",
    ],
  },
}
`;
