// Jest Snapshot v1, https://jestjs.io/docs/snapshot-testing

exports[`domains initDomainTracking should set up page request listener for relevant target types 1`] = `
{
  "infra": [],
  "max": {
    "allowed": [
      "GET bar.com [document]",
      "POST bar.com [document]",
    ],
    "blocked": [
      "GET baz.com [document,xhr]",
    ],
    "pages": [
      "foo.com/",
    ],
  },
}
`;
